2026-10-01 15:51:57,764 - INFO - ============================================================
2026-10-01 15:51:57,765 - INFO - IPTV GENERATOR - OPTIMIZED QUALITY MODE
2026-10-01 15:51:57,765 - INFO - Strategy: Prioritize 1080p+, Remove low-quality tags, Fast ping
2026-10-01 15:51:57,765 - INFO - ============================================================
2026-10-01 15:51:57,765 - INFO - 
[1/3] FETCHING SOURCES
2026-10-01 15:51:57,765 - INFO - ------------------------------------------------------------
2026-10-01 15:51:57,765 - INFO - Fetching: https://raw.githubusercontent.com/dishiptv/dish/main/stream.m3u
2026-10-01 15:51:57,784 - INFO - Fetching: https://raw.githubusercontent.com/Free-TV/IPTV/master/playlist.m3u8
2026-10-01 15:51:57,785 - INFO - Fetching: https://raw.githubusercontent.com/LS-Station/streamecho/main/StreamEcho.m3u8
2026-10-01 15:51:57,785 - INFO - Fetching: https://iptv-org.github.io/iptv/index.m3u
2026-10-01 15:51:57,785 - INFO - Fetching: https://raw.githubusercontent.com/binhex/iptv/main/eng.m3u
2026-10-01 15:51:57,786 - INFO - Fetching: https://raw.githubusercontent.com/serdartas/iptv-playlist/main/refined.m3u
2026-10-01 15:51:57,786 - INFO - Fetching: https://raw.githubusercontent.com/ipstreet312/freeiptv/master/all.m3u
2026-10-01 15:51:57,786 - INFO - Fetching: https://raw.githubusercontent.com/sultanarabi161/filoox-bdix/main/playlist.m3u
2026-10-01 15:51:57,786 - INFO - Fetching: https://raw.githubusercontent.com/Miraz6755/Iptv.m3u/main/DaddyLive.m3u
2026-10-01 15:51:57,786 - INFO - Fetching: https://raw.githubusercontent.com/AAAAAEXQOSyIpN2JZ0ehUQ/iPTV-FREE-LIST/master/iPTV-Free-List_TV.m3u
2026-10-01 15:51:57,786 - INFO - Fetching: https://raw.githubusercontent.com/dp247/IPTV/master/playlists/playlist_usa.m3u8
2026-10-01 15:51:57,787 - INFO - Fetching: https://raw.githubusercontent.com/dp247/IPTV/master/playlists/playlist_uk.m3u8
2026-10-01 15:51:57,787 - INFO - Fetching: https://raw.githubusercontent.com/HabibSay/free_iptv_m3u8/refs/heads/main/all_channels.m3u
2026-10-01 15:51:57,787 - INFO - Fetching: https://aymrgknetzpucldhpkwm.supabase.co/storage/v1/object/public/tmdb/top-movies.m3u
2026-10-01 15:51:57,787 - INFO - Fetching: https://aymrgknetzpucldhpkwm.supabase.co/storage/v1/object/public/tmdb/action-movies.m3u
2026-10-01 15:51:57,787 - INFO - Fetching: https://aymrgknetzpucldhpkwm.supabase.co/storage/v1/object/public/tmdb/comedy-movies.m3u
2026-10-01 15:51:57,787 - INFO - Fetching: https://aymrgknetzpucldhpkwm.supabase.co/storage/v1/object/public/tmdb/horror-movies.m3u
2026-10-01 15:51:58,060 - ERROR - Error: https://aymrgknetzpucldhpkwm.supabase.co/storage/v1/object/public/tmdb/top-movies.m3u - Cannot connect to host aymrgknetzpucldhpkwm.supaba
2026-10-01 15:51:58,060 - ERROR - Error: https://aymrgknetzpucldhpkwm.supabase.co/storage/v1/object/public/tmdb/action-movies.m3u - Cannot connect to host aymrgknetzpucldhpkwm.supaba
2026-10-01 15:51:58,060 - ERROR - Error: https://aymrgknetzpucldhpkwm.supabase.co/storage/v1/object/public/tmdb/comedy-movies.m3u - Cannot connect to host aymrgknetzpucldhpkwm.supaba
2026-10-01 15:51:58,060 - ERROR - Error: https://aymrgknetzpucldhpkwm.supabase.co/storage/v1/object/public/tmdb/horror-movies.m3u - Cannot connect to host aymrgknetzpucldhpkwm.supaba
2026-10-01 15:51:58,351 - INFO - ✓ 2070 channels from https://raw.githubusercontent.com/Free-TV/IPTV/master/playlist.m3u8
2026-10-01 15:51:58,352 - WARNING - HTTP 404: https://raw.githubusercontent.com/ipstreet312/freeiptv/master/all.m3u
2026-10-01 15:51:58,352 - WARNING - HTTP 404: https://raw.githubusercontent.com/LS-Station/streamecho/main/StreamEcho.m3u8
2026-10-01 15:51:58,365 - WARNING - HTTP 404: https://raw.githubusercontent.com/Miraz6755/Iptv.m3u/main/DaddyLive.m3u
2026-10-01 15:51:58,367 - INFO - ✓ 1 channels from https://raw.githubusercontent.com/sultanarabi161/filoox-bdix/main/playlist.m3u
2026-10-01 15:51:58,377 - INFO - ✓ 20 channels from https://raw.githubusercontent.com/dp247/IPTV/master/playlists/playlist_usa.m3u8
2026-10-01 15:51:58,390 - INFO - ✓ 217 channels from https://raw.githubusercontent.com/dishiptv/dish/main/stream.m3u
2026-10-01 15:51:58,397 - INFO - ✓ 235 channels from https://raw.githubusercontent.com/AAAAAEXQOSyIpN2JZ0ehUQ/iPTV-FREE-LIST/master/iPTV-Free-List_TV.m3u
2026-10-01 15:51:58,490 - INFO - ✓ 20 channels from https://raw.githubusercontent.com/serdartas/iptv-playlist/main/refined.m3u
2026-10-01 15:51:58,584 - INFO - ✓ 2958 channels from https://raw.githubusercontent.com/binhex/iptv/main/eng.m3u
2026-10-01 15:51:58,588 - INFO - ✓ 57 channels from https://raw.githubusercontent.com/dp247/IPTV/master/playlists/playlist_uk.m3u8
2026-10-01 15:51:59,046 - INFO - ✓ 11120 channels from https://iptv-org.github.io/iptv/index.m3u
2026-10-01 15:52:00,971 - INFO - ✓ 67050 channels from https://raw.githubusercontent.com/HabibSay/free_iptv_m3u8/refs/heads/main/all_channels.m3u
2026-10-01 15:52:00,972 - INFO - Fetching: https://raw.githubusercontent.com/ipstreet312/freeiptv/master/all.m3u
2026-10-01 15:52:00,972 - INFO - Fetching: https://raw.githubusercontent.com/LS-Station/streamecho/main/StreamEcho.m3u8
2026-10-01 15:52:00,973 - INFO - Fetching: https://raw.githubusercontent.com/Miraz6755/Iptv.m3u/main/DaddyLive.m3u
2026-10-01 15:52:01,021 - WARNING - HTTP 404: https://raw.githubusercontent.com/ipstreet312/freeiptv/master/all.m3u
2026-10-01 15:52:01,021 - WARNING - HTTP 404: https://raw.githubusercontent.com/Miraz6755/Iptv.m3u/main/DaddyLive.m3u
2026-10-01 15:52:01,021 - WARNING - HTTP 404: https://raw.githubusercontent.com/LS-Station/streamecho/main/StreamEcho.m3u8
2026-10-01 15:52:01,028 - INFO - Channels after pre-filter (removed low-quality & blocked): 54924
2026-10-01 15:52:01,029 - INFO - 
[2/3] CHECKING CHANNELS (Quality-Optimized)
2026-10-01 15:52:01,029 - INFO - ------------------------------------------------------------
2026-10-01 15:52:33,224 - INFO - Progress: 1000/54924
2026-10-01 15:53:03,225 - INFO - Progress: 2000/54924
2026-10-01 15:53:33,225 - INFO - Progress: 3000/54924
2026-10-01 15:54:03,224 - INFO - Progress: 4000/54924
2026-10-01 15:54:34,224 - INFO - Progress: 5000/54924
2026-10-01 15:55:04,223 - INFO - Progress: 6000/54924
2026-10-01 15:55:34,224 - INFO - Progress: 7000/54924
2026-10-01 15:55:50,897 - INFO - Progress: 8000/54924
2026-10-01 15:56:04,236 - INFO - Progress: 9000/54924
2026-10-01 15:56:17,642 - INFO - Progress: 10000/54924
2026-10-01 15:56:31,004 - INFO - Progress: 11000/54924
2026-10-01 15:56:45,067 - INFO - Progress: 12000/54924
2026-10-01 15:56:58,416 - INFO - Progress: 13000/54924
2026-10-01 15:57:11,766 - INFO - Progress: 14000/54924
2026-10-01 15:57:25,142 - INFO - Progress: 15000/54924
2026-10-01 15:57:38,526 - INFO - Progress: 16000/54924
2026-10-01 15:57:52,066 - INFO - Progress: 17000/54924
2026-10-01 15:58:05,761 - INFO - Progress: 18000/54924
2026-10-01 15:58:19,900 - INFO - Progress: 19000/54924
2026-10-01 15:58:33,758 - INFO - Progress: 20000/54924
2026-10-01 15:58:47,320 - INFO - Progress: 21000/54924
2026-10-01 15:59:01,024 - INFO - Progress: 22000/54924
2026-10-01 15:59:14,752 - INFO - Progress: 23000/54924
2026-10-01 15:59:28,439 - INFO - Progress: 24000/54924
2026-10-01 15:59:42,107 - INFO - Progress: 25000/54924
2026-10-01 15:59:55,483 - INFO - Progress: 26000/54924
2026-10-01 16:00:09,552 - INFO - Progress: 27000/54924
2026-10-01 16:00:23,942 - INFO - Progress: 28000/54924
2026-10-01 16:00:38,442 - INFO - Progress: 29000/54924
2026-10-01 16:00:52,283 - INFO - Progress: 30000/54924
2026-10-01 16:01:06,289 - INFO - Progress: 31000/54924
2026-10-01 16:01:21,296 - INFO - Progress: 32000/54924
2026-10-01 16:01:36,393 - INFO - Progress: 33000/54924
2026-10-01 16:01:50,575 - INFO - Progress: 34000/54924
2026-10-01 16:02:04,565 - INFO - Progress: 35000/54924
2026-10-01 16:02:18,650 - INFO - Progress: 36000/54924
2026-10-01 16:02:33,214 - INFO - Progress: 37000/54924
2026-10-01 16:02:47,855 - INFO - Progress: 38000/54924
2026-10-01 16:03:02,175 - INFO - Progress: 39000/54924
2026-10-01 16:03:15,878 - INFO - Progress: 40000/54924
2026-10-01 16:03:30,025 - INFO - Progress: 41000/54924
2026-10-01 16:03:43,410 - INFO - Progress: 42000/54924
2026-10-01 16:03:57,061 - INFO - Progress: 43000/54924
2026-10-01 16:04:10,423 - INFO - Progress: 44000/54924
2026-10-01 16:04:23,980 - INFO - Progress: 45000/54924
2026-10-01 16:04:37,375 - INFO - Progress: 46000/54924
2026-10-01 16:04:51,185 - INFO - Progress: 47000/54924
2026-10-01 16:05:05,528 - INFO - Progress: 48000/54924
2026-10-01 16:05:19,504 - INFO - Progress: 49000/54924
2026-10-01 16:05:32,867 - INFO - Progress: 50000/54924
2026-10-01 16:05:46,496 - INFO - Progress: 51000/54924
2026-10-01 16:06:00,286 - INFO - Progress: 52000/54924
2026-10-01 16:06:13,764 - INFO - Progress: 53000/54924
2026-10-01 16:06:27,775 - INFO - Progress: 54000/54924
2026-10-01 16:06:40,577 - INFO - Progress: 54924/54924
2026-10-01 16:06:40,578 - INFO - 
[3/3] GENERATING OPTIMIZED OUTPUT
2026-10-01 16:06:40,578 - INFO - ------------------------------------------------------------
2026-10-01 16:06:40,578 - INFO - Starting quality filtering on 54924 channels...
2026-10-01 16:06:40,579 - INFO - Working channels: 3458/54924
2026-10-01 16:06:40,580 - INFO - After quality filter (removed low-quality tags & blocked countries): 3458/3458
2026-10-01 16:06:40,580 - INFO - Fast enough (ping <= 3400ms): 3458/3458
2026-10-01 16:06:40,581 - INFO - After URL deduplication: 2825
2026-10-01 16:06:40,585 - INFO - Final channels: 2797
2026-10-01 16:06:40,585 - INFO -   └─ 4K/UHD: 5 | 1080p: 1264 | Unknown quality: 1528 | Enhanced: 0
2026-10-01 16:06:40,585 - INFO - Ping breakdown - Excellent: 2120, Good: 471, Acceptable: 206
2026-10-01 16:06:40,586 - INFO - Generating high-quality M3U playlist...
2026-10-01 16:06:40,590 - INFO - Generated playlist with 2797 optimized channels
2026-10-01 16:06:40,591 - INFO - 
============================================================
2026-10-01 16:06:40,591 - INFO - ✓✓✓ SUCCESS! Generated 2797 OPTIMIZED channels
2026-10-01 16:06:40,591 - INFO - Strategy: Prioritized 1080p+, removed low-quality, ping <=3400ms
2026-10-01 16:06:40,591 - INFO - Execution time: 14m 42s
2026-10-01 16:06:40,591 - INFO - Playlist saved to: playlist.m3u
2026-10-01 16:06:40,591 - INFO - ============================================================
